[00:58:40 -> 01:17:35]            Tell him it's fine.  
[01:57:04 -> 02:28:12]   Did you get your new phone?   
[01:57:04 -> 02:28:12]                          Mm-hm. 
[02:29:19 -> 03:21:35] It's really exciting, isn't it? 
[03:22:42 -> 04:11:38]        What are you, a Bearcat? 
[04:12:45 -> 04:41:40]          Am I a what?           
[04:42:47 -> 05:15:36]           Cincinnati Bearcat?   
